// Jest Snapshot v1, https://goo.gl/fbAQLP

exports[`Article Tag component should render without errors 1`] = `
<StateManager
  defaultInputValue=""
  defaultMenuIsOpen={false}
  defaultValue={null}
  isClearable={true}
  isMulti={true}
  onChange={[Function]}
  placeholder="Tag your story"
  value={
    Array [
      Object {
        "label": "jest",
        "value": "jest",
      },
      Object {
        "label": "react",
        "value": "react",
      },
      Object {
        "label": "enzyme",
        "value": "enzyme",
      },
    ]
  }
/>
`;
