// Jest Snapshot v1, https://goo.gl/fbAQLP

exports[`Article Category component should render without errors 1`] = `
<StateManager
  defaultInputValue=""
  defaultMenuIsOpen={false}
  defaultValue={null}
  onChange={[Function]}
  options={
    Array [
      Object {
        "label": "Politics",
        "value": 1,
      },
      Object {
        "label": "Design",
        "value": 2,
      },
      Object {
        "label": "Africa",
        "value": 3,
      },
      Object {
        "label": "Technology",
        "value": 4,
      },
      Object {
        "label": "Culture",
        "value": 5,
      },
      Object {
        "label": "Business",
        "value": 6,
      },
      Object {
        "label": "Romance",
        "value": 7,
      },
      Object {
        "label": "Health",
        "value": 8,
      },
      Object {
        "label": "Style",
        "value": 9,
      },
      Object {
        "label": "Travel",
        "value": 10,
      },
      Object {
        "label": "DIY",
        "value": 11,
      },
      Object {
        "label": "Opinion",
        "value": 12,
      },
    ]
  }
  placeholder="Select a category"
  value={
    Object {
      "label": "Technology",
      "value": 1,
    }
  }
/>
`;
