// Jest Snapshot v1, https://goo.gl/fbAQLP

exports[`Main Editor component should render without errors 1`] = `
<Editor
  apiKey="3eytfdm1nnstcd6m2hzat9gpfvgg0ik5im0he4tpolgyqne9"
  cloudChannel="dev"
  init={
    Object {
      "content_css": "https://res.cloudinary.com/cj-odina/raw/upload/v1537743242/content_gvugw1.css",
      "file_picker_types": "image",
      "images_reuse_filename": true,
      "images_upload_handler": [Function],
      "inline": true,
      "menubar": false,
      "mobile": Object {
        "theme": "mobile",
      },
      "plugins": Array [
        "autolink",
        "codesample",
        "link",
        "linkchecker",
        "lists",
        "mediaembed",
        "textcolor",
        "image",
      ],
      "selection_toolbar": "bold italic | h2 h3 | blockquote quicklink | alignleft aligncenter alignright alignfull",
      "theme": "inlite",
    }
  }
  name="body-editor"
  onEditorChange={[Function]}
  onFocusIn={[Function]}
  onFocusOut={[Function]}
  value="<p>My new article</p>"
/>
`;
